{
  "name": "detergent",
  "version": "5.1.0",
  "description": "All-in-one: HTML special character encoder, invisible character cleaner and English style improvement tool",
  "license": "MIT",
  "repository": "https://gitlab.com/codsen/codsen/",
  "homepage": "https://detergent.io",
  "author": {
    "email": "roy@codsen.com",
    "name": "Roy Revelt",
    "url": "codsen.com"
  },
  "keywords": [
    "detergent",
    "email",
    "html",
    "clean",
    "string",
    "copy",
    "text",
    "brief",
    "code",
    "send",
    "encode",
    "style"
  ],
  "main": "dist/detergent.cjs.js",
  "module": "dist/detergent.esm.js",
  "browser": "dist/detergent.umd.js",
  "scripts": {
    "ava": "ava -d",
    "build": "rollup -c",
    "coverage": "nyc report --reporter=json-summary",
    "dev": "rollup -c --dev --silent",
    "format": "npm run lect && npm run prettier && npm run lint",
    "lect": "lect",
    "lint": "./node_modules/.bin/eslint \"**/*.js\" --fix --ignore-pattern \"dist/*\" --ignore-pattern \"rollup.config.js\" --ignore-pattern \"tap/**\"",
    "perf": "node perf/check",
    "prepare": "npm run build",
    "prettier": "prettier '*.{js,css,scss,vue,md}' --write",
    "pretest": "npm run build",
    "test": "npm run lint && npm run unittest && npm run format",
    "unittest": "./node_modules/.bin/nyc ava && npm run coverage && npm run perf",
    "version": "npm run build && git add ."
  },
  "husky": {
    "hooks": {
      "pre-commit": "npm run format && npm test"
    }
  },
  "ava": {
    "compileEnhancements": false,
    "require": ["esm"],
    "timeout": "99m",
    "verbose": true
  },
  "esm": {
    "await": true,
    "cjs": true
  },
  "lect": {
    "babelrc": {
      "override": false,
      "set": false
    },
    "badges": {
      "cov": true,
      "deps": true,
      "deps2d": true,
      "dev": true,
      "downloads": true,
      "license": true,
      "node": true,
      "npm": true,
      "overall": true,
      "runkit": true,
      "travis": false,
      "vulnerabilities": true
    },
    "eslintrc": {
      "add": [],
      "remove": []
    },
    "files": {
      "delete": [],
      "write_hard": [
        {
          "contents": "",
          "name": ""
        }
      ],
      "write_soft": [
        {
          "contents": "",
          "name": ""
        }
      ]
    },
    "header": {
      "dontQuoteDescription": false,
      "rightFloatedBadge": []
    },
    "licence": {
      "extras": [
        "",
        "Passes unit tests from https://github.com/kemitchell/straight-to-curly-quotes.json, licenced under CC0-1.0"
      ]
    },
    "npmignore": {
      "badFiles": [],
      "badFolders": [],
      "goodFiles": [],
      "goodFolders": []
    },
    "req": "{ det, opts, version }",
    "various": {
      "back_to_top": {
        "enabled": true,
        "label": ""
      },
      "devDependencies": [
        "is-ci",
        "object-boolean-combinations",
        "rollup-plugin-json",
        "rollup-plugin-node-builtins"
      ],
      "rollupIgnoreFilesForDist": "processCharacter.js",
      "travisVersionsOverride": []
    }
  },
  "nyc": {
    "instrument": false,
    "require": ["@babel/register"],
    "sourceMap": false
  },
  "dependencies": {
    "all-named-html-entities": "^1.2.5",
    "ansi-regex": "^4.1.0",
    "arrayiffy-if-string": "^3.11.17",
    "he": "^1.2.0",
    "html-entities-not-email-friendly": "^0.1.4",
    "lodash.clonedeep": "^4.5.0",
    "object-merge-advanced": "^10.11.0",
    "object-path": "^0.11.4",
    "ranges-apply": "^3.0.35",
    "ranges-process-outside": "^2.2.6",
    "ranges-push": "^3.6.2",
    "string-apostrophes": "^1.2.0",
    "string-collapse-white-space": "^5.1.2",
    "string-fix-broken-named-entities": "^2.4.6",
    "string-left-right": "^2.3.4",
    "string-range-expander": "^1.10.45",
    "string-remove-widows": "^1.5.0",
    "string-strip-html": "^4.3.1",
    "string-trim-spaces-only": "^2.8.2"
  },
  "devDependencies": {
    "@babel/core": "^7.6.2",
    "@babel/preset-env": "^7.6.2",
    "@babel/register": "^7.6.2",
    "ava": "^2.4.0",
    "babel-plugin-istanbul": "^5.2.0",
    "benchmark": "^2.1.4",
    "eslint": "^6.5.1",
    "eslint-config-prettier": "^6.3.0",
    "eslint-plugin-ava": "^9.0.0",
    "eslint-plugin-import": "^2.18.2",
    "eslint-plugin-no-unsanitized": "^3.0.2",
    "eslint-plugin-prettier": "^3.1.1",
    "esm": "^3.2.25",
    "is-ci": "^2.0.0",
    "js-row-num-cli": "^1.5.46",
    "lect": "^0.9.13",
    "nyc": "^14.1.1",
    "object-boolean-combinations": "^2.11.44",
    "prettier": "^1.18.2",
    "rollup": "^1.22.0",
    "rollup-plugin-ascii": "^0.0.3",
    "rollup-plugin-babel": "^4.3.3",
    "rollup-plugin-banner": "^0.2.1",
    "rollup-plugin-cleanup": "^3.1.1",
    "rollup-plugin-commonjs": "^10.1.0",
    "rollup-plugin-json": "^4.0.0",
    "rollup-plugin-node-builtins": "^2.1.2",
    "rollup-plugin-node-resolve": "^5.2.0",
    "rollup-plugin-strip": "^1.2.2",
    "rollup-plugin-terser": "^5.1.2"
  }
}
